// Jest Snapshot v1, https://goo.gl/fbAQLP

exports[`TagTemplate renders correctly 1`] = `
<div
  className="layout"
>
  <StaticQuery
    render={[Function]}
  />
  <div
    className="page"
  >
    <div
      className="page__inner"
    >
      <h1
        className="page__title"
      >
        test
      </h1>
      <div
        className="page__body"
      >
        <div
          className="feed"
        >
          <div
            className="feed__item"
          >
            <div
              className="feed__item-meta"
            >
              <time
                className="feed__item-meta-time"
                dateTime="September 1, 2016"
              >
                September 2016
              </time>
              <span
                className="feed__item-meta-divider"
              />
              <span
                className="feed__item-meta-category"
              >
                <Link
                  className="feed__item-meta-category-link"
                  to="/test"
                >
                  test
                </Link>
              </span>
            </div>
            <h2
              className="feed__item-title"
            >
              <Link
                className="feed__item-title-link"
                to="/test_0"
              >
                test_0
              </Link>
            </h2>
            <Link
              to="/test_0"
            >
              <img
                src="/media/test_0.png"
              />
            </Link>
            <p
              className="feed__item-description"
            >
              test_0
            </p>
            <div
              className="tags"
            >
              <ul
                className="tags__list"
              >
                <li
                  className="tags__list-item"
                >
                  <Link
                    className="tags__list-item-link"
                    to="/test_0"
                  >
                    test_0
                  </Link>
                </li>
              </ul>
            </div>
            <ul
              className="content"
            >
              <li
                className="share_button"
              >
                <div
                  aria-label="share_facebook"
                  className="SocialMediaShareButton SocialMediaShareButton--facebook"
                  onClick={[Function]}
                  onKeyPress={[Function]}
                  role="button"
                  style={Object {}}
                  tabIndex="0"
                >
                  <div
                    style={
                      Object {
                        "height": 32,
                        "width": 32,
                      }
                    }
                  >
                    <svg
                      className="social-icon social-icon--facebook "
                      height={32}
                      viewBox="0 0 64 64"
                      width={32}
                    >
                      <g>
                        <circle
                          cx="32"
                          cy="32"
                          fill="#3b5998"
                          r="31"
                          style={Object {}}
                        />
                      </g>
                      <g>
                        <path
                          d="M34.1,47V33.3h4.6l0.7-5.3h-5.3v-3.4c0-1.5,0.4-2.6,2.6-2.6l2.8,0v-4.8c-0.5-0.1-2.2-0.2-4.1-0.2 c-4.1,0-6.9,2.5-6.9,7V28H24v5.3h4.6V47H34.1z"
                          fill="white"
                        />
                      </g>
                    </svg>
                  </div>
                </div>
              </li>
              <li
                className="share_button"
              >
                <div
                  aria-label="share_twitter"
                  className="SocialMediaShareButton SocialMediaShareButton--twitter"
                  onClick={[Function]}
                  onKeyPress={[Function]}
                  role="button"
                  style={Object {}}
                  tabIndex="0"
                >
                  <div
                    style={
                      Object {
                        "height": 32,
                        "width": 32,
                      }
                    }
                  >
                    <svg
                      className="social-icon social-icon--twitter "
                      height={32}
                      viewBox="0 0 64 64"
                      width={32}
                    >
                      <g>
                        <circle
                          cx="32"
                          cy="32"
                          fill="#00aced"
                          r="31"
                          style={Object {}}
                        />
                      </g>
                      <g>
                        <path
                          d="M48,22.1c-1.2,0.5-2.4,0.9-3.8,1c1.4-0.8,2.4-2.1,2.9-3.6c-1.3,0.8-2.7,1.3-4.2,1.6 C41.7,19.8,40,19,38.2,19c-3.6,0-6.6,2.9-6.6,6.6c0,0.5,0.1,1,0.2,1.5c-5.5-0.3-10.3-2.9-13.5-6.9c-0.6,1-0.9,2.1-0.9,3.3 c0,2.3,1.2,4.3,2.9,5.5c-1.1,0-2.1-0.3-3-0.8c0,0,0,0.1,0,0.1c0,3.2,2.3,5.8,5.3,6.4c-0.6,0.1-1.1,0.2-1.7,0.2c-0.4,0-0.8,0-1.2-0.1 c0.8,2.6,3.3,4.5,6.1,4.6c-2.2,1.8-5.1,2.8-8.2,2.8c-0.5,0-1.1,0-1.6-0.1c2.9,1.9,6.4,2.9,10.1,2.9c12.1,0,18.7-10,18.7-18.7 c0-0.3,0-0.6,0-0.8C46,24.5,47.1,23.4,48,22.1z"
                          fill="white"
                        />
                      </g>
                    </svg>
                  </div>
                </div>
              </li>
              <li
                className="share_button"
              >
                <div
                  aria-label="share_linkedin"
                  className="SocialMediaShareButton SocialMediaShareButton--linkedin"
                  onClick={[Function]}
                  onKeyPress={[Function]}
                  role="button"
                  style={Object {}}
                  tabIndex="0"
                >
                  <div
                    style={
                      Object {
                        "height": 32,
                        "width": 32,
                      }
                    }
                  >
                    <svg
                      className="social-icon social-icon--linkedin "
                      height={32}
                      viewBox="0 0 64 64"
                      width={32}
                    >
                      <g>
                        <circle
                          cx="32"
                          cy="32"
                          fill="#007fb1"
                          r="31"
                          style={Object {}}
                        />
                      </g>
                      <g>
                        <path
                          d="M20.4,44h5.4V26.6h-5.4V44z M23.1,18c-1.7,0-3.1,1.4-3.1,3.1c0,1.7,1.4,3.1,3.1,3.1 c1.7,0,3.1-1.4,3.1-3.1C26.2,19.4,24.8,18,23.1,18z M39.5,26.2c-2.6,0-4.4,1.4-5.1,2.8h-0.1v-2.4h-5.2V44h5.4v-8.6 c0-2.3,0.4-4.5,3.2-4.5c2.8,0,2.8,2.6,2.8,4.6V44H46v-9.5C46,29.8,45,26.2,39.5,26.2z"
                          fill="white"
                        />
                      </g>
                    </svg>
                  </div>
                </div>
              </li>
              <li
                className="share_button"
              >
                <div
                  aria-label="share_line"
                  className="SocialMediaShareButton SocialMediaShareButton--line"
                  onClick={[Function]}
                  onKeyPress={[Function]}
                  role="button"
                  style={Object {}}
                  tabIndex="0"
                >
                  <div
                    style={
                      Object {
                        "height": 32,
                        "width": 32,
                      }
                    }
                  >
                    <svg
                      className="social-icon social-icon--line "
                      height={32}
                      viewBox="0 0 64 64"
                      width={32}
                    >
                      <g>
                        <circle
                          cx="32"
                          cy="32"
                          fill="#00b800"
                          r="31"
                          style={Object {}}
                        />
                      </g>
                      <g>
                        <path
                          d="M52.62 30.138c0 3.693-1.432 7.019-4.42 10.296h.001c-4.326 4.979-14 11.044-16.201 11.972-2.2.927-1.876-.591-1.786-1.112l.294-1.765c.069-.527.142-1.343-.066-1.865-.232-.574-1.146-.872-1.817-1.016-9.909-1.31-17.245-8.238-17.245-16.51 0-9.226 9.251-16.733 20.62-16.733 11.37 0 20.62 7.507 20.62 16.733zM27.81 25.68h-1.446a.402.402 0 0 0-.402.401v8.985c0 .221.18.4.402.4h1.446a.401.401 0 0 0 .402-.4v-8.985a.402.402 0 0 0-.402-.401zm9.956 0H36.32a.402.402 0 0 0-.402.401v5.338L31.8 25.858a.39.39 0 0 0-.031-.04l-.002-.003-.024-.025-.008-.007a.313.313 0 0 0-.032-.026.255.255 0 0 1-.021-.014l-.012-.007-.021-.012-.013-.006-.023-.01-.013-.005-.024-.008-.014-.003-.023-.005-.017-.002-.021-.003-.021-.002h-1.46a.402.402 0 0 0-.402.401v8.985c0 .221.18.4.402.4h1.446a.401.401 0 0 0 .402-.4v-5.337l4.123 5.568c.028.04.063.072.101.099l.004.003a.236.236 0 0 0 .025.015l.012.006.019.01a.154.154 0 0 1 .019.008l.012.004.028.01.005.001a.442.442 0 0 0 .104.013h1.446a.4.4 0 0 0 .401-.4v-8.985a.402.402 0 0 0-.401-.401zm-13.442 7.537h-3.93v-7.136a.401.401 0 0 0-.401-.401h-1.447a.4.4 0 0 0-.401.401v8.984a.392.392 0 0 0 .123.29c.072.068.17.111.278.111h5.778a.4.4 0 0 0 .401-.401v-1.447a.401.401 0 0 0-.401-.401zm21.429-5.287c.222 0 .401-.18.401-.402v-1.446a.401.401 0 0 0-.401-.402h-5.778a.398.398 0 0 0-.279.113l-.005.004-.006.008a.397.397 0 0 0-.111.276v8.984c0 .108.043.206.112.278l.005.006a.401.401 0 0 0 .284.117h5.778a.4.4 0 0 0 .401-.401v-1.447a.401.401 0 0 0-.401-.401h-3.93v-1.519h3.93c.222 0 .401-.18.401-.402V29.85a.401.401 0 0 0-.401-.402h-3.93V27.93h3.93z"
                          fill="white"
                        />
                      </g>
                    </svg>
                  </div>
                </div>
              </li>
              <li
                className="share_button"
              >
                <a
                  aria-label="share_pocket"
                  className="pocket_icon_link"
                  href="https://getpocket.com/edit?url=https://tadashi0713.com//test_0&title=test_0"
                  onClick="window.open(this.href, 'PCwindow', 'width=550, height=350, menubar=no, toolbar=no, scrollbars=yes'); return false;"
                >
                  <svg
                    aria-hidden="true"
                    className="svg-inline--fa fa-get-pocket fa-w-14 pocket_icon"
                    color="#fff"
                    data-icon="get-pocket"
                    data-prefix="fab"
                    focusable="false"
                    role="img"
                    style={Object {}}
                    viewBox="0 0 448 512"
                    xmlns="http://www.w3.org/2000/svg"
                  >
                    <path
                      d="M407.6 64h-367C18.5 64 0 82.5 0 104.6v135.2C0 364.5 99.7 464 224.2 464c124 0 223.8-99.5 223.8-224.2V104.6c0-22.4-17.7-40.6-40.4-40.6zm-162 268.5c-12.4 11.8-31.4 11.1-42.4 0C89.5 223.6 88.3 227.4 88.3 209.3c0-16.9 13.8-30.7 30.7-30.7 17 0 16.1 3.8 105.2 89.3 90.6-86.9 88.6-89.3 105.5-89.3 16.9 0 30.7 13.8 30.7 30.7 0 17.8-2.9 15.7-114.8 123.2z"
                      fill="currentColor"
                      style={Object {}}
                    />
                  </svg>
                </a>
              </li>
            </ul>
            <Link
              className="feed__item-readmore"
              to="/test_0"
            >
              Read
            </Link>
          </div>
          <div
            className="feed__item"
          >
            <div
              className="feed__item-meta"
            >
              <time
                className="feed__item-meta-time"
                dateTime="September 1, 2016"
              >
                September 2016
              </time>
              <span
                className="feed__item-meta-divider"
              />
              <span
                className="feed__item-meta-category"
              >
                <Link
                  className="feed__item-meta-category-link"
                  to="/test"
                >
                  test
                </Link>
              </span>
            </div>
            <h2
              className="feed__item-title"
            >
              <Link
                className="feed__item-title-link"
                to="/test_1"
              >
                test_1
              </Link>
            </h2>
            <Link
              to="/test_1"
            >
              <img
                src="/media/test_1.png"
              />
            </Link>
            <p
              className="feed__item-description"
            >
              test_1
            </p>
            <div
              className="tags"
            >
              <ul
                className="tags__list"
              >
                <li
                  className="tags__list-item"
                >
                  <Link
                    className="tags__list-item-link"
                    to="/test_1"
                  >
                    test_1
                  </Link>
                </li>
              </ul>
            </div>
            <ul
              className="content"
            >
              <li
                className="share_button"
              >
                <div
                  aria-label="share_facebook"
                  className="SocialMediaShareButton SocialMediaShareButton--facebook"
                  onClick={[Function]}
                  onKeyPress={[Function]}
                  role="button"
                  style={Object {}}
                  tabIndex="0"
                >
                  <div
                    style={
                      Object {
                        "height": 32,
                        "width": 32,
                      }
                    }
                  >
                    <svg
                      className="social-icon social-icon--facebook "
                      height={32}
                      viewBox="0 0 64 64"
                      width={32}
                    >
                      <g>
                        <circle
                          cx="32"
                          cy="32"
                          fill="#3b5998"
                          r="31"
                          style={Object {}}
                        />
                      </g>
                      <g>
                        <path
                          d="M34.1,47V33.3h4.6l0.7-5.3h-5.3v-3.4c0-1.5,0.4-2.6,2.6-2.6l2.8,0v-4.8c-0.5-0.1-2.2-0.2-4.1-0.2 c-4.1,0-6.9,2.5-6.9,7V28H24v5.3h4.6V47H34.1z"
                          fill="white"
                        />
                      </g>
                    </svg>
                  </div>
                </div>
              </li>
              <li
                className="share_button"
              >
                <div
                  aria-label="share_twitter"
                  className="SocialMediaShareButton SocialMediaShareButton--twitter"
                  onClick={[Function]}
                  onKeyPress={[Function]}
                  role="button"
                  style={Object {}}
                  tabIndex="0"
                >
                  <div
                    style={
                      Object {
                        "height": 32,
                        "width": 32,
                      }
                    }
                  >
                    <svg
                      className="social-icon social-icon--twitter "
                      height={32}
                      viewBox="0 0 64 64"
                      width={32}
                    >
                      <g>
                        <circle
                          cx="32"
                          cy="32"
                          fill="#00aced"
                          r="31"
                          style={Object {}}
                        />
                      </g>
                      <g>
                        <path
                          d="M48,22.1c-1.2,0.5-2.4,0.9-3.8,1c1.4-0.8,2.4-2.1,2.9-3.6c-1.3,0.8-2.7,1.3-4.2,1.6 C41.7,19.8,40,19,38.2,19c-3.6,0-6.6,2.9-6.6,6.6c0,0.5,0.1,1,0.2,1.5c-5.5-0.3-10.3-2.9-13.5-6.9c-0.6,1-0.9,2.1-0.9,3.3 c0,2.3,1.2,4.3,2.9,5.5c-1.1,0-2.1-0.3-3-0.8c0,0,0,0.1,0,0.1c0,3.2,2.3,5.8,5.3,6.4c-0.6,0.1-1.1,0.2-1.7,0.2c-0.4,0-0.8,0-1.2-0.1 c0.8,2.6,3.3,4.5,6.1,4.6c-2.2,1.8-5.1,2.8-8.2,2.8c-0.5,0-1.1,0-1.6-0.1c2.9,1.9,6.4,2.9,10.1,2.9c12.1,0,18.7-10,18.7-18.7 c0-0.3,0-0.6,0-0.8C46,24.5,47.1,23.4,48,22.1z"
                          fill="white"
                        />
                      </g>
                    </svg>
                  </div>
                </div>
              </li>
              <li
                className="share_button"
              >
                <div
                  aria-label="share_linkedin"
                  className="SocialMediaShareButton SocialMediaShareButton--linkedin"
                  onClick={[Function]}
                  onKeyPress={[Function]}
                  role="button"
                  style={Object {}}
                  tabIndex="0"
                >
                  <div
                    style={
                      Object {
                        "height": 32,
                        "width": 32,
                      }
                    }
                  >
                    <svg
                      className="social-icon social-icon--linkedin "
                      height={32}
                      viewBox="0 0 64 64"
                      width={32}
                    >
                      <g>
                        <circle
                          cx="32"
                          cy="32"
                          fill="#007fb1"
                          r="31"
                          style={Object {}}
                        />
                      </g>
                      <g>
                        <path
                          d="M20.4,44h5.4V26.6h-5.4V44z M23.1,18c-1.7,0-3.1,1.4-3.1,3.1c0,1.7,1.4,3.1,3.1,3.1 c1.7,0,3.1-1.4,3.1-3.1C26.2,19.4,24.8,18,23.1,18z M39.5,26.2c-2.6,0-4.4,1.4-5.1,2.8h-0.1v-2.4h-5.2V44h5.4v-8.6 c0-2.3,0.4-4.5,3.2-4.5c2.8,0,2.8,2.6,2.8,4.6V44H46v-9.5C46,29.8,45,26.2,39.5,26.2z"
                          fill="white"
                        />
                      </g>
                    </svg>
                  </div>
                </div>
              </li>
              <li
                className="share_button"
              >
                <div
                  aria-label="share_line"
                  className="SocialMediaShareButton SocialMediaShareButton--line"
                  onClick={[Function]}
                  onKeyPress={[Function]}
                  role="button"
                  style={Object {}}
                  tabIndex="0"
                >
                  <div
                    style={
                      Object {
                        "height": 32,
                        "width": 32,
                      }
                    }
                  >
                    <svg
                      className="social-icon social-icon--line "
                      height={32}
                      viewBox="0 0 64 64"
                      width={32}
                    >
                      <g>
                        <circle
                          cx="32"
                          cy="32"
                          fill="#00b800"
                          r="31"
                          style={Object {}}
                        />
                      </g>
                      <g>
                        <path
                          d="M52.62 30.138c0 3.693-1.432 7.019-4.42 10.296h.001c-4.326 4.979-14 11.044-16.201 11.972-2.2.927-1.876-.591-1.786-1.112l.294-1.765c.069-.527.142-1.343-.066-1.865-.232-.574-1.146-.872-1.817-1.016-9.909-1.31-17.245-8.238-17.245-16.51 0-9.226 9.251-16.733 20.62-16.733 11.37 0 20.62 7.507 20.62 16.733zM27.81 25.68h-1.446a.402.402 0 0 0-.402.401v8.985c0 .221.18.4.402.4h1.446a.401.401 0 0 0 .402-.4v-8.985a.402.402 0 0 0-.402-.401zm9.956 0H36.32a.402.402 0 0 0-.402.401v5.338L31.8 25.858a.39.39 0 0 0-.031-.04l-.002-.003-.024-.025-.008-.007a.313.313 0 0 0-.032-.026.255.255 0 0 1-.021-.014l-.012-.007-.021-.012-.013-.006-.023-.01-.013-.005-.024-.008-.014-.003-.023-.005-.017-.002-.021-.003-.021-.002h-1.46a.402.402 0 0 0-.402.401v8.985c0 .221.18.4.402.4h1.446a.401.401 0 0 0 .402-.4v-5.337l4.123 5.568c.028.04.063.072.101.099l.004.003a.236.236 0 0 0 .025.015l.012.006.019.01a.154.154 0 0 1 .019.008l.012.004.028.01.005.001a.442.442 0 0 0 .104.013h1.446a.4.4 0 0 0 .401-.4v-8.985a.402.402 0 0 0-.401-.401zm-13.442 7.537h-3.93v-7.136a.401.401 0 0 0-.401-.401h-1.447a.4.4 0 0 0-.401.401v8.984a.392.392 0 0 0 .123.29c.072.068.17.111.278.111h5.778a.4.4 0 0 0 .401-.401v-1.447a.401.401 0 0 0-.401-.401zm21.429-5.287c.222 0 .401-.18.401-.402v-1.446a.401.401 0 0 0-.401-.402h-5.778a.398.398 0 0 0-.279.113l-.005.004-.006.008a.397.397 0 0 0-.111.276v8.984c0 .108.043.206.112.278l.005.006a.401.401 0 0 0 .284.117h5.778a.4.4 0 0 0 .401-.401v-1.447a.401.401 0 0 0-.401-.401h-3.93v-1.519h3.93c.222 0 .401-.18.401-.402V29.85a.401.401 0 0 0-.401-.402h-3.93V27.93h3.93z"
                          fill="white"
                        />
                      </g>
                    </svg>
                  </div>
                </div>
              </li>
              <li
                className="share_button"
              >
                <a
                  aria-label="share_pocket"
                  className="pocket_icon_link"
                  href="https://getpocket.com/edit?url=https://tadashi0713.com//test_1&title=test_1"
                  onClick="window.open(this.href, 'PCwindow', 'width=550, height=350, menubar=no, toolbar=no, scrollbars=yes'); return false;"
                >
                  <svg
                    aria-hidden="true"
                    className="svg-inline--fa fa-get-pocket fa-w-14 pocket_icon"
                    color="#fff"
                    data-icon="get-pocket"
                    data-prefix="fab"
                    focusable="false"
                    role="img"
                    style={Object {}}
                    viewBox="0 0 448 512"
                    xmlns="http://www.w3.org/2000/svg"
                  >
                    <path
                      d="M407.6 64h-367C18.5 64 0 82.5 0 104.6v135.2C0 364.5 99.7 464 224.2 464c124 0 223.8-99.5 223.8-224.2V104.6c0-22.4-17.7-40.6-40.4-40.6zm-162 268.5c-12.4 11.8-31.4 11.1-42.4 0C89.5 223.6 88.3 227.4 88.3 209.3c0-16.9 13.8-30.7 30.7-30.7 17 0 16.1 3.8 105.2 89.3 90.6-86.9 88.6-89.3 105.5-89.3 16.9 0 30.7 13.8 30.7 30.7 0 17.8-2.9 15.7-114.8 123.2z"
                      fill="currentColor"
                      style={Object {}}
                    />
                  </svg>
                </a>
              </li>
            </ul>
            <Link
              className="feed__item-readmore"
              to="/test_1"
            >
              Read
            </Link>
          </div>
        </div>
        <div
          className="pagination"
        >
          <div
            className="pagination__prev"
          >
            <Link
              className="pagination__prev-link"
              rel="prev"
              to="/page/1"
            >
              ← PREV
            </Link>
          </div>
          <div
            className="pagination__next"
          >
            <Link
              className="pagination__next-link"
              rel="next"
              to="/page/3"
            >
              → NEXT
            </Link>
          </div>
        </div>
      </div>
    </div>
  </div>
</div>
`;
