// Jest Snapshot v1, https://goo.gl/fbAQLP

exports[`Author renders correctly 1`] = `
<div
  className="author"
>
  <Link
    to="/"
  >
    <img
      alt="test"
      className="author__photo"
      height="75"
      src="/photo.jpg"
      width="75"
    />
  </Link>
  <h1
    className="author__title"
  >
    <Link
      className="author__title-link"
      to="/"
    >
      test
    </Link>
  </h1>
  <p
    className="author__subtitle"
  >
    test
  </p>
</div>
`;
