// Jest Snapshot v1, https://goo.gl/fbAQLP

exports[`Post renders correctly 1`] = `
<div
  className="post"
>
  <Link
    className="post__home-button"
    to="/"
  >
    All Articles
  </Link>
  <div
    className="post__content"
  >
    <div
      className="content"
    >
      <h1
        className="content__title"
      >
        test
      </h1>
      <div
        className="content__body"
        dangerouslySetInnerHTML={
          Object {
            "__html": "<p>test</p>",
          }
        }
      />
    </div>
  </div>
  <div
    className="post__footer"
  >
    <ul
      className="content"
    >
      <li
        className="share_button"
      >
        <button
          aria-label="email"
          className="react-share__ShareButton"
          onClick={[Function]}
          separator=" "
          style={
            Object {
              "backgroundColor": "transparent",
              "border": "none",
              "color": "inherit",
              "cursor": "pointer",
              "font": "inherit",
              "padding": 0,
            }
          }
        >
          <svg
            height={32}
            viewBox="0 0 64 64"
            width={32}
          >
            <circle
              cx="32"
              cy="32"
              fill="#7f7f7f"
              r="31"
              style={Object {}}
            />
            <path
              d="M17,22v20h30V22H17z M41.1,25L32,32.1L22.9,25H41.1z M20,39V26.6l12,9.3l12-9.3V39H20z"
              fill="white"
            />
          </svg>
        </button>
      </li>
      <li
        className="share_button"
      >
        <button
          aria-label="facebook"
          className="react-share__ShareButton"
          onClick={[Function]}
          style={
            Object {
              "backgroundColor": "transparent",
              "border": "none",
              "color": "inherit",
              "cursor": "pointer",
              "font": "inherit",
              "padding": 0,
            }
          }
        >
          <svg
            height={32}
            viewBox="0 0 64 64"
            width={32}
          >
            <circle
              cx="32"
              cy="32"
              fill="#3b5998"
              r="31"
              style={Object {}}
            />
            <path
              d="M34.1,47V33.3h4.6l0.7-5.3h-5.3v-3.4c0-1.5,0.4-2.6,2.6-2.6l2.8,0v-4.8c-0.5-0.1-2.2-0.2-4.1-0.2 c-4.1,0-6.9,2.5-6.9,7V28H24v5.3h4.6V47H34.1z"
              fill="white"
            />
          </svg>
        </button>
      </li>
      <li
        className="share_button"
      >
        <button
          aria-label="twitter"
          className="react-share__ShareButton"
          onClick={[Function]}
          style={
            Object {
              "backgroundColor": "transparent",
              "border": "none",
              "color": "inherit",
              "cursor": "pointer",
              "font": "inherit",
              "padding": 0,
            }
          }
          title="test"
        >
          <svg
            height={32}
            viewBox="0 0 64 64"
            width={32}
          >
            <circle
              cx="32"
              cy="32"
              fill="#00aced"
              r="31"
              style={Object {}}
            />
            <path
              d="M48,22.1c-1.2,0.5-2.4,0.9-3.8,1c1.4-0.8,2.4-2.1,2.9-3.6c-1.3,0.8-2.7,1.3-4.2,1.6 C41.7,19.8,40,19,38.2,19c-3.6,0-6.6,2.9-6.6,6.6c0,0.5,0.1,1,0.2,1.5c-5.5-0.3-10.3-2.9-13.5-6.9c-0.6,1-0.9,2.1-0.9,3.3 c0,2.3,1.2,4.3,2.9,5.5c-1.1,0-2.1-0.3-3-0.8c0,0,0,0.1,0,0.1c0,3.2,2.3,5.8,5.3,6.4c-0.6,0.1-1.1,0.2-1.7,0.2c-0.4,0-0.8,0-1.2-0.1 c0.8,2.6,3.3,4.5,6.1,4.6c-2.2,1.8-5.1,2.8-8.2,2.8c-0.5,0-1.1,0-1.6-0.1c2.9,1.9,6.4,2.9,10.1,2.9c12.1,0,18.7-10,18.7-18.7 c0-0.3,0-0.6,0-0.8C46,24.5,47.1,23.4,48,22.1z"
              fill="white"
            />
          </svg>
        </button>
      </li>
      <li
        className="share_button"
      >
        <button
          aria-label="linkedin"
          className="react-share__ShareButton"
          onClick={[Function]}
          style={
            Object {
              "backgroundColor": "transparent",
              "border": "none",
              "color": "inherit",
              "cursor": "pointer",
              "font": "inherit",
              "padding": 0,
            }
          }
        >
          <svg
            height={32}
            viewBox="0 0 64 64"
            width={32}
          >
            <circle
              cx="32"
              cy="32"
              fill="#007fb1"
              r="31"
              style={Object {}}
            />
            <path
              d="M20.4,44h5.4V26.6h-5.4V44z M23.1,18c-1.7,0-3.1,1.4-3.1,3.1c0,1.7,1.4,3.1,3.1,3.1 c1.7,0,3.1-1.4,3.1-3.1C26.2,19.4,24.8,18,23.1,18z M39.5,26.2c-2.6,0-4.4,1.4-5.1,2.8h-0.1v-2.4h-5.2V44h5.4v-8.6 c0-2.3,0.4-4.5,3.2-4.5c2.8,0,2.8,2.6,2.8,4.6V44H46v-9.5C46,29.8,45,26.2,39.5,26.2z"
              fill="white"
            />
          </svg>
        </button>
      </li>
      <li
        className="share_button"
      >
        <button
          aria-label="line"
          className="react-share__ShareButton"
          onClick={[Function]}
          style={
            Object {
              "backgroundColor": "transparent",
              "border": "none",
              "color": "inherit",
              "cursor": "pointer",
              "font": "inherit",
              "padding": 0,
            }
          }
          title="test"
        >
          <svg
            height={32}
            viewBox="0 0 64 64"
            width={32}
          >
            <circle
              cx="32"
              cy="32"
              fill="#00b800"
              r="31"
              style={Object {}}
            />
            <path
              d="M52.62 30.138c0 3.693-1.432 7.019-4.42 10.296h.001c-4.326 4.979-14 11.044-16.201 11.972-2.2.927-1.876-.591-1.786-1.112l.294-1.765c.069-.527.142-1.343-.066-1.865-.232-.574-1.146-.872-1.817-1.016-9.909-1.31-17.245-8.238-17.245-16.51 0-9.226 9.251-16.733 20.62-16.733 11.37 0 20.62 7.507 20.62 16.733zM27.81 25.68h-1.446a.402.402 0 0 0-.402.401v8.985c0 .221.18.4.402.4h1.446a.401.401 0 0 0 .402-.4v-8.985a.402.402 0 0 0-.402-.401zm9.956 0H36.32a.402.402 0 0 0-.402.401v5.338L31.8 25.858a.39.39 0 0 0-.031-.04l-.002-.003-.024-.025-.008-.007a.313.313 0 0 0-.032-.026.255.255 0 0 1-.021-.014l-.012-.007-.021-.012-.013-.006-.023-.01-.013-.005-.024-.008-.014-.003-.023-.005-.017-.002-.021-.003-.021-.002h-1.46a.402.402 0 0 0-.402.401v8.985c0 .221.18.4.402.4h1.446a.401.401 0 0 0 .402-.4v-5.337l4.123 5.568c.028.04.063.072.101.099l.004.003a.236.236 0 0 0 .025.015l.012.006.019.01a.154.154 0 0 1 .019.008l.012.004.028.01.005.001a.442.442 0 0 0 .104.013h1.446a.4.4 0 0 0 .401-.4v-8.985a.402.402 0 0 0-.401-.401zm-13.442 7.537h-3.93v-7.136a.401.401 0 0 0-.401-.401h-1.447a.4.4 0 0 0-.401.401v8.984a.392.392 0 0 0 .123.29c.072.068.17.111.278.111h5.778a.4.4 0 0 0 .401-.401v-1.447a.401.401 0 0 0-.401-.401zm21.429-5.287c.222 0 .401-.18.401-.402v-1.446a.401.401 0 0 0-.401-.402h-5.778a.398.398 0 0 0-.279.113l-.005.004-.006.008a.397.397 0 0 0-.111.276v8.984c0 .108.043.206.112.278l.005.006a.401.401 0 0 0 .284.117h5.778a.4.4 0 0 0 .401-.401v-1.447a.401.401 0 0 0-.401-.401h-3.93v-1.519h3.93c.222 0 .401-.18.401-.402V29.85a.401.401 0 0 0-.401-.402h-3.93V27.93h3.93z"
              fill="white"
            />
          </svg>
        </button>
      </li>
      <li
        className="share_button"
      >
        <button
          aria-label="pocket"
          className="react-share__ShareButton"
          onClick={[Function]}
          style={
            Object {
              "backgroundColor": "transparent",
              "border": "none",
              "color": "inherit",
              "cursor": "pointer",
              "font": "inherit",
              "padding": 0,
            }
          }
          title="test"
        >
          <svg
            height={32}
            viewBox="0 0 64 64"
            width={32}
          >
            <circle
              cx="32"
              cy="32"
              fill="#EF3F56"
              r="31"
              style={Object {}}
            />
            <path
              d="M41.084 29.065l-7.528 7.882a2.104 2.104 0 0 1-1.521.666 2.106 2.106 0 0 1-1.522-.666l-7.528-7.882c-.876-.914-.902-2.43-.065-3.384.84-.955 2.228-.987 3.1-.072l6.015 6.286 6.022-6.286c.88-.918 2.263-.883 3.102.071.841.938.82 2.465-.06 3.383l-.015.002zm6.777-10.976C47.463 16.84 46.361 16 45.14 16H18.905c-1.2 0-2.289.82-2.716 2.044-.125.363-.189.743-.189 1.125v10.539l.112 2.096c.464 4.766 2.73 8.933 6.243 11.838.06.053.125.102.19.153l.04.033c1.882 1.499 3.986 2.514 6.259 3.014a14.662 14.662 0 0 0 6.13.052c.118-.042.235-.065.353-.087.03 0 .065-.022.098-.042a15.395 15.395 0 0 0 6.011-2.945l.039-.045.18-.153c3.502-2.902 5.765-7.072 6.248-11.852L48 29.674v-10.52c0-.366-.041-.728-.161-1.08l.022.015z"
              fill="white"
            />
          </svg>
        </button>
      </li>
      <li
        className="share_button"
      >
        <div>
          <a
            className="hatena-bookmark-button"
            data-hatena-bookmark-lang="ja"
            data-hatena-bookmark-layout="touch-counter"
            data-hatena-bookmark-title=""
            href="http://b.hatena.ne.jp/entry/https://tadashi0713.com/undefined"
            title="このエントリーをはてなブックマークに追加"
          >
            <img
              alt="このエントリーをはてなブックマークに追加"
              src="https://b.st-hatena.com/images/entry-button/button-only@2x.png"
              style={
                Object {
                  "border": "none",
                  "height": 20,
                  "width": 20,
                }
              }
            />
          </a>
        </div>
      </li>
    </ul>
    <div
      className="meta"
    >
      <p
        className="meta__date"
      >
        Published 
        1 Sep 2016
      </p>
    </div>
    <div
      className="tags"
    >
      <ul
        className="tags__list"
      >
        <li
          className="tags__list-item"
        >
          <Link
            className="tags__list-item-link"
            to="/test_0"
          >
            test_0
          </Link>
        </li>
        <li
          className="tags__list-item"
        >
          <Link
            className="tags__list-item-link"
            to="/test_1"
          >
            test_1
          </Link>
        </li>
      </ul>
    </div>
    <StaticQuery
      render={[Function]}
    />
  </div>
  <div
    className="post__comments"
  >
    <StaticQuery
      render={[Function]}
    />
  </div>
</div>
`;
