// Jest Snapshot v1, https://goo.gl/fbAQLP

exports[`Author renders correctly 1`] = `
<div
  className="author"
>
  <p
    className="author__bio"
  >
    test
    <a
      className="author__bio-linkedin"
      href="https://www.linkedin.com/in/test"
      rel="noopener noreferrer"
      target="_blank"
    >
      <strong>
        test
      </strong>
       on Linkedin
    </a>
  </p>
</div>
`;
