// Jest Snapshot v1, https://goo.gl/fbAQLP

exports[`Iframely renders correctly 1`] = `null`;
